(((DQ793742.1.1312:0.7873745551,HM046431.1.1200:0.8472136182):0.4265395741,(((EU156766.1.1269:0.08320779563,(AE000513.2467934.2469435:0.8978320959,KT873246.1.1201:0.04720896319):0.1882555406):0.2828886062,CAQA01000070.1409.4877:0.08823622297):0.7252869867,((KF084610.1.1355:0.898139566,LN611354.1.1200:0.3726145311):0.8488983319,CVLP01000086.4757.6053:0.9519516774):0.5913223533):0.1710947987):0.9951506839,(((FJ981654.1.1204:0.1164980012,((JQ189739.1.1362:0.9078056386,KF571471.1.1207:0.7245425202):0.1965694751,(EU762772.1.1354:0.08619323908,KR029790.1.1200:0.6012855337):0.8957627364):0.3243905229):0.8971803377,((AJ239312.1.1355:0.3951231414,CP000721.924919.926423:0.1501295271):0.3443930841,FJ371873.1.1224:0.9317005775):0.06925860024):0.7916703282,(((EU776908.1.1289:0.2804122588,(FJ503081.1.1238:0.9236927037,(DQ801220.1.1342:0.1196154992,DQ796136.1.1225:0.1820159638):0.9622685229):0.4723404101):0.3897950046,(KX792217.1.1200:0.8886778916,GQ448970.1.1284:0.7541223434):0.4221637547):0.03343862202,(4cddfed97ed397e48febf56da534b2a7:0.9112736385,(FJ753830.1.1232:0.9821935943,((KX212247.1.1200:0.1128630126,JQ186757.1.1359:0.04999057995):0.793067632,(((AY981913.1.1349:0.184135457,EU765294.1.1363:0.2084546301):0.4959574463,GFIM01005958.9.1236:0.4647137611):0.03758889786,(EU767188.1.1370:0.3131542937,(((LC198619.1.1220:0.2346823229,f0a99f591da5ea357f519648de1daf71:0.3053035694):0.1188116339,(DQ823971.1.1252:0.405085216,DQ441256.1.1313:0.2945518829):0.1638585054):0.7264835241,(((KX984117.1.1262:0.4265588645,(EU510027.1.1344:0.7129598449,e028a0db64a79ab1ec86a07447ad726e:0.6652927762):0.8534168978):0.5731092242,EU455199.1.1210:0.2723172265):0.8880514551,KX792215.1.1201:0.6384585432):0.634301787):0.07218849962):0.3392373505):0.7484841803):0.9581155309):0.4443128111):0.2009435105):0.7884938573):0.582739464);
